*****************************************************************
      SolidWorks Corporation - Informe de estado del procesador de IGES
*****************************************************************
=================================================================
Información general
=================================================================
Enviando I.D. de producto de sistema  : TRANSFORMADOR DE POTENCIAL M JFP-15A
Recibiendo I.D. de producto de sistema: TRANSFORMADOR DE POTENCIAL M JFP-15A
Nombre de archivo                    : C:\SEDPC\Metal Mecanica\SolidWorks 2018\Dana\GABINETE VD4 SUBESTACIÓN TERCIARIA\IGES\TRANSFORMADOR DE POTENCIAL M JFP-15A.IGS
Enviando sistema               : SolidWorks 2018
Versión de preprocesador         : SolidWorks 2018
Fecha de creación del archivo           : 190103.083234
Fecha de creación del modelo          : 190103.083234
Unidades                        : MM
Escala espacial del modelo            : 1
Autor                       : SEDPC
Organización                 : 


=================================================================
Información de procesamiento de entidades
=================================================================


=================================================================
Análisis de precisión del archivo de IGES:
=================================================================
  Número de dígitos significativos más frecuente:               5
  Número de dígitos significativos más alto:                     12
  Número de dígitos significativos promedio:                7.46962
  Distancia máxima hasta el origen:                          1671.71
  Distancia mínima hasta el origen:                          61.2765
  Número de dígitos significativos efectivo:              11.9681


=================================================================
Resumen de entidades
=================================================================
-----------------------------------------------------------------
Nombre de tipo                                         Número convertido
---- ----                                         ----- ---------
100  Arc                                             80        80
102  Composite curve                                516       516
110  Line                                           908       908
120  Surface of revolution                           20        20
124  Transformation matrix                           80        80
126  Rational B-spline curve                       1428      1428
128  Rational B-spline surface                      205       205
142  Curve on a parametric surface                  258       258
144  Trimmed parametric surface                     225       225
314  Color definition                                 1         1
_________________________________________________________________


=================================================================
Resumen de resultados
=================================================================
Tipo de operación de SolidWorks                Número
-----------------------                -----
Operaciones sólidas1
Operaciones de superficie0
Operaciones de curvas/croquis0
--------------------------------------------
Hora de comienzo: jueves, enero 03, 2019 14:51:10
Hora de finalización: jueves, enero 03, 2019 14:51:12
Tiempo de procesamiento: 0 days, 00 hours, 00 mins, 02 secs
